================================================================================
  ORCA OS — ОШИБКИ
  Только ПОДТВЕРЖДЁННОЕ. Удалять запись можно ТОЛЬКО после починки
  И ПОВТОРНОЙ ПРОВЕРКИ (пересобрал / прогнал тест / перечитал код).
================================================================================

ФОРМАТ
------
[ERR-NNN] СТАТУС | краткое название
  Где:       файл:строка
  Симптом:   что видно снаружи
  Причина:   почему так
  Чинить:    конкретные шаги
  Проверка:  чем убедиться, что починено (ОБЯЗАТЕЛЬНО выполнить перед удалением)

Статусы: ОТКРЫТА / В РАБОТЕ / ЖДЁТ ПРОВЕРКИ / ЗАКРЫТА (закрытые сразу удалять)

Дата последнего полного скана: см. todo.txt, раздел «История сканов».


================================================================================
  ОТКРЫТЫХ ОШИБОК НЕТ (2026-08-21)
================================================================================
  ERR-001 отпала (веб-морда удалена), ERR-002 и ERR-003 починены и проверены —
  см. раздел «ЗАКРЫТО ЗА ВСЮ ИСТОРИЮ» ниже.


================================================================================
  ЗАКРЫТО ЗА ВСЮ ИСТОРИЮ (не удалять, это память проекта)
================================================================================

[ERR-001] 2026-08-21 ОТПАЛА | ESP32 не собирался: не было web/app.js
  Где было:  esp32/main/web/app.js (написан 2026-08-11, 804 строки, 27 408 Б),
             ссылки в CMakeLists.txt (EMBED_TXTFILES), orca_web.c, index.html.
  Итог:      веб-морда удалена из проекта целиком: в firmware/esp32/main нет ни
             orca_web.c, ни каталога web/. ESP остался чистым мостом (orca_tcp,
             orca_hub, orca_cmd, orca_ble), управление — через orca_ctl.
             Чинить нечего, проверять на железе нечего: и app.js, и маршруты
             /api/*, которых ждала «Проверка», больше не существуют.
  Осталось:  сборка ESP-IDF так и не запускалась ни разу — ESP-IDF нет в PATH
             (проверено 2026-08-21: command -v idf.py пусто, IDF_PATH пусто).
             Это по-прежнему P0 в todo.txt, но уже про мост, а не про app.js:
             весь код ESP32 в репозитории проверен только чтением.

[ERR-002] 2026-08-21 ПОЧИНЕНА | SDK модулей противоречил загрузчику (-mlong-calls)
  Где было:  tools/module_sdk/template/Makefile (флаг и комментарий про то,
             что загрузчик не умеет R_ARM_THM_CALL),
             docs/TASKS.md Milestone 3, docs/architecture.md §3.
  Факт:      правка в Makefile уже была в коде к моменту проверки: -mlong-calls
             нет, комментарий переписан честно (THM_CALL/THM_JUMP24 поддержаны
             patch_thumb_branch), пункт в docs/TASKS.md:28-29 отмечен [x].
             Дописано 2026-08-21: docs/architecture.md §3 всё ещё утверждал
             «модули собираются с -mlong-calls ... THM_CALL пока не поддержан».
             Это ровно то расхождение, из-за которого запись и открывали, —
             оно переехало из Makefile в архитектурный документ. Исправлено.
  Проверка:  собран пример SDK: cd tools/module_sdk/examples/esp_link && make
             -> esp_link.orca 1700 Б, ни одного -mlong-calls в командной строке.
             Запуск .orca на железе командой run не выполнялся: HardFault от
             неверных THM-релокаций этой проверкой не исключён, но релокации
             проверены статически через make check-symbols.

[ERR-003] 2026-08-21 ПОЧИНЕНА | Ссылки на несуществующие файлы SDK
  Где было:  sdcard_root/modules/esp_link/README.md, docs/getting_started.md,
             docs/TASKS.md Milestone 4 -> tools/module_sdk/examples/esp_link/main.c
  Факт:      выбран «Вариант А»: каталог tools/module_sdk/examples/esp_link/
             существует, в нём main.c и Makefile. Ссылки из README и docs
             больше не ведут в никуда, манифест module.json перестал быть
             бесполезным.
  Проверка:  make в каталоге примера — собирается; make check-symbols печатает
             пустой список неразрешённых символов, то есть всё, что модуль
             зовёт, есть в таблице загрузчика (та же цель заодно закрыла
             WARN-017: без __aeabi_* она бы ругнулась).
             Артефакты сборки (build/) удалены после проверки: собирается
             заново одной командой, в дереве им лежать незачем.

